// Jest Snapshot v1, https://goo.gl/fbAQLP

exports[`should render ComunicadosList correctly with provided data 1`] = `
<div>
  <ul
    className="comunicados"
  >
    <withRouter()
      date="2018-05-03 8:30"
      description="Planos controle agora também disponível no cartão de crédito."
      fullDescription="Planos controle agora também disponível no cartão de crédito."
      id={1}
      key="1"
      seen={true}
      title="Metas Março"
      type={0}
    />
    <withRouter()
      date="2018-05-02 10:30"
      description="Planos controle 5GB de internet 4G."
      fullDescription="Ligações ilimitadas locais para todas as operadoras. Ligações ilimitadas pra fixos nacional e qualquer Vivo do Brasil com o código 15. SMS ilimitado para qualquer operadora do Brasil."
      id={2}
      key="2"
      seen={false}
      title="Bônus Fevereiro"
      type={1}
    />
    <withRouter()
      date="2018-05-02 18:30"
      description="Novos serviços, clique para visualizar o material de divulgação."
      files={
        Array [
          Object {
            "name": "Material de divulgação",
            "type": "image/*",
            "url": "logob4.png",
          },
        ]
      }
      fullDescription="Novos serviços, clique para visualizar o material de divulgação."
      id={3}
      key="3"
      seen={false}
      title="Novos Serviços"
      type={1}
    />
  </ul>
</div>
`;

exports[`should render ComunicadosList with empty data 1`] = `
<div>
  <div
    className="comunicados__item"
  >
    Nenhum comunicado encontrado.
  </div>
</div>
`;
